검증 실행 : 2026-09-03 13:02:28
장비      : Linux 6.8.0-138-generic x86_64
환경      : python 3.10.12 | mediapipe 1.0.1 | opencv 5.0.0

##### 1. 계산 논리 자체시험 #####
==========================================================================
 자체 시험 — 카메라·로봇 없이 계산 논리만 검증합니다
==========================================================================

[1] 각도 계산 기본 검증
    통과  직각: 기대 90.0도, 실제 90.0000도
    통과  일직선: 기대 180.0도, 실제 180.0000도
    통과  같은 방향: 기대 0.0도, 실제 0.0000도

[2] 손가락 배열 순서 검증
    통과  ['엄지', '엄지보조', '검지', '중지', '약지', '소지']

[3] 굽힘 정도에 따른 위치값 단조성 검증
    curl=0.00 → 엄지=  87 엄지보조=  87 검지=  34 중지=  72 약지= 103 소지= 130
    curl=0.25 → 엄지= 157 엄지보조= 157 검지= 152 중지= 190 약지= 222 소지= 248
    curl=0.50 → 엄지= 254 엄지보조= 254 검지= 343 중지= 308 약지= 340 소지= 366
    curl=0.75 → 엄지= 360 엄지보조= 360 검지= 543 중지= 506 약지= 474 소지= 484
    curl=1.00 → 엄지= 465 엄지보조= 465 검지= 743 중지= 706 약지= 674 소지= 648
    통과  여섯 축 모두 폄→쥠 방향으로 단조 증가

[4] 손 크기 불변성 검증 (구판 거리비 방식의 결함 확인)
    통과  원본 [254, 254, 343, 308, 340, 366]
           3배   [254, 254, 343, 308, 340, 366]

[5] 떨림 억제기 검증
    통과  첫 갱신 결과 [1000, 1000, 1000, 1000, 1000, 1000] (초기값이므로 목표와 같아야 함)
    통과  최대 변화량 제한 100 적용 결과 [100, 100, 100, 100, 100, 100] (기대 [100]*6)
    통과  불감대: 3 만큼 변화는 전송하지 않음

[6] 엄지보조(대립축) 결정법 검증
    통과  follow: 엄지보조(381) == 엄지(381)
    통과  geom  : 엄지보조(0) == 엄지벌림 실측값
    통과  fixed : 엄지보조(777) == 지정값 777
    통과  네 손가락 값은 방식과 무관하게 동일

[7] 최소 해상도 보장 검증
    통과  25x75 → 320x960 (배율 12.8)
    통과  640x480 은 그대로 둠 (배율 1.0)

[8] 모의 백엔드 검증
    통과  전송 횟수 2 (기대 2)

==========================================================================
 결과: 전 항목 통과
==========================================================================

##### 2. 제스처 의미 검증 #####
==================================================================================
 제스처 의미 검증 — 정답을 아는 손동작 사진으로 위치값이 맞는지 확인
==================================================================================

[1] 시험 사진 준비 (위키미디어 공용, 자유 이용 저작물)
  받음  08_손펴기_실사진.png           [Open Palm of the Left Hand, Fingers.jpg]
  받음  15_바위_가위바위보.png          [Rock-paper-scissors (rock).png]
  받음  14_브이_실사진.png            [Little girl giving V-sign in the sunshin]
  받음  09_엄지척_실사진.png           [Thumb up.JPG]
  받음  10_OK_실사진.png            [OK Hand Gesture.jpg]
  받음  01_손펴기.png               [Hand Gesture - Open Palm.gif]
  받음  02_주먹.png                [Hand Gesture - Closed Fist.gif]
  받음  03_브이.png                [Hand Gesture - Peace Sign.gif]
  받음  05_가리키기.png              [Hand Gesture - One.gif]
  받음  07_OK.png                [Hand Gesture - Ok.gif]
  받음  11_주먹_실사진.png            [Clenched fist.jpg]
  받음  12_가리키기_실사진.png          [The Big Index Finger - Flickr - mikecogh]
  받음  13_록사인_실사진.png           [Index and little fingers open.JPG]
  받음  16_록사인_현장.png            [Rock Horns Disturbed.jpg]

[2] 판정 — 실제 사진만 사용 (좌표=screen2d, 판정여유=100, 최소해상도=320)

  제스처                      엄지   엄지보조     검지     중지     약지     소지   판정
  ---------------------------------------------------------------------------
  손 펴기(보)                  72     72     89     27     12    113   통과  폄평균 60 < 400
  주먹(바위)                  742    742    847    811    747    692   통과  쥠평균 774 > 600
  브이(가위)                  911    911     93     90    618    758   통과  폄92 < 쥠688
  엄지 척                    115    115    995    993    976    958   통과  폄115 < 쥠980
  OK 사인                   152    152    485    119     89     68   통과  폄92 < 쥠485

[3] 참고 — 평면 일러스트 (원본 25x75). 판정에서 제외한다.
     MediaPipe 는 실제 손 사진으로 학습된 모델이라, 음영도 질감도 없는
     벡터 그림에서는 확대해도 관절 위치를 신뢰할 수 없다.

  손 펴기(일러스트)              195    195     44      8     12     31   (참고)
  주먹(일러스트)                593    593    949    908    902    959   (참고)
  브이(일러스트)                802    802     99     54    876    925   (참고)
  가리키기(일러스트)              537    537   1000    891    969    821   (참고)
  OK 사인(일러스트)             187    187    348     60     96    143   (참고)

[4] 검출 한계 사례 — 손을 아예 못 찾는 실제 사진. 실패가 아니라 한계다.
     추종 중 이런 자세가 되면 로봇은 마지막 자세를 유지하다가
     --relax-timeout 초 뒤 스스로 손을 편다(안전 동작).

  주먹을 카메라 정면으로        미검출              손가락 구조가 하나도 안 보인다. 신뢰도를 0.05 까지 낮춰도 못 찾는다
  석조 조각상 손            미검출              사람 손이 아니다. 모델이 사람 손으로 학습되었다
  흰 배경 과도한 접사         미검출              손목·손등 맥락이 잘려 손바닥 검출기가 후보를 못 만든다
  공연장 뿔 손동작           미검출              손이 화면에서 너무 작고 조명이 어둡다

==================================================================================
 결과: 통과 5건 / 실패 0건 / 건너뜀 0건   (판정 대상은 실사진 5건)
==================================================================================

##### 3. 영상 처리 #####
==========================================================================
 BrainCo Revo2 — 카메라 손추적 추종 제어
==========================================================================
  입력      : media/시험입력_짧은판.mp4  (영상파일)
  출력      : none(모의)
  모델      : /home/toprobot/바탕화면/123123/공개저장소/models/hand_landmarker.task
  좌표방식  : screen2d
  재생속도  : 최대 속도
  최소해상도: 320픽셀
  글꼴      : /usr/share/fonts/truetype/nanum/NanumGothicBold.ttf
  배열순서  : ['엄지', '엄지보조', '검지', '중지', '약지', '소지']  (0=폄, 1000=쥠)
  엄지보조  : follow
==========================================================================


[알림] 입력이 끝났습니다.

==========================================================================
 요약
==========================================================================
  처리 프레임 : 360
  손 검출     : 360 프레임  (100.0%)
  로봇 전송   : 48 회
  소요 시간   : 3.8 초  (평균 94.1 fps)
  기록 CSV    : 결과/검증_영상.csv
==========================================================================

##### 4. 카메라 목록 #####
연결된 카메라 장치를 확인합니다.
  없음. 이 컴퓨터에는 웹캠이 연결되어 있지 않습니다.
  → USB 웹캠을 꽂거나, --source 영상파일.mp4 로 시험하십시오.

##### 5. 로봇 실기 구동 시험 #####
  로봇이 연결되어 있지 않습니다(/dev/ttyUSB0 없음). 건너뜁니다.
  → USB 케이블과 24V DC 어댑터를 연결한 뒤 다시 실행하십시오.
